<?xml version="1.0" encoding="UTF-8"?>
<TestRun id="c199d535-07a0-4ffe-b6dd-06edd2521b0f" name="dmitry@WIN7 2018-03-05 19:15:15" runUser="win7\dmitry" xmlns="http://microsoft.com/schemas/VisualStudio/TeamTest/2010">
  <TestSettings name="Локальные" id="961389cf-5c0e-473b-bb70-b4d6c6879f37">
    <Description>Это - параметры по умолчанию для локального тестового запуска.</Description>
    <Deployment enabled="false" runDeploymentRoot="dmitry_WIN7 2018-03-05 19_15_15">
      <DeploymentItem filename="C:\Users\dmitry\Documents\Visual Studio 2010\Projects\MindboxLibrary\MindboxLibrary\bin\Debug\MindboxLibrary.dll" />
    </Deployment>
    <Execution>
      <TestTypeSpecific />
      <AgentRule name="Execution Agents">
      </AgentRule>
    </Execution>
  </TestSettings>
  <Times creation="2018-03-05T19:15:15.9964059+03:00" queuing="2018-03-05T19:15:16.0475691+03:00" start="2018-03-05T19:15:16.2559179+03:00" finish="2018-03-05T19:15:16.6865371+03:00" />
  <ResultSummary outcome="Failed">
    <Counters total="1" executed="1" error="0" failed="1" timeout="0" aborted="0" inconclusive="0" passedButRunAborted="0" notRunnable="0" notExecuted="0" disconnected="0" warning="0" passed="0" completed="0" inProgress="0" pending="0" />
  </ResultSummary>
  <TestDefinitions>
    <UnitTest name="Square" storage="c:\users\dmitry\documents\visual studio 2010\projects\mindboxlibrary\mindboxlibrarytest\bin\debug\mindboxlibrarytest.dll" id="ba2ffd89-61cc-5c98-1dd6-480d4881f74b">
      <Execution id="25798d26-bc24-46ed-9278-cb0ac6047148" />
      <TestMethod codeBase="C:/Users/dmitry/Documents/Visual Studio 2010/Projects/MindboxLibrary/MindboxLibraryTest/bin/Debug/MindboxLibraryTest.DLL" adapterTypeName="Microsoft.VisualStudio.TestTools.TestTypes.Unit.UnitTestAdapter, Microsoft.VisualStudio.QualityTools.Tips.UnitTest.Adapter, Version=10.0.0.0, Culture=neutral, PublicKeyToken=b03f5f7f11d50a3a" className="MindboxLibraryTest.CircleTests, MindboxLibraryTest, Version=1.0.0.0, Culture=neutral, PublicKeyToken=null" name="Square" />
    </UnitTest>
  </TestDefinitions>
  <TestLists>
    <TestList name="Отсутствующие в списке результаты" id="8c84fa94-04c1-424b-9868-57a2d4851a1d" />
    <TestList name="Все загруженные результаты" id="19431567-8539-422a-85d7-44ee4e166bda" />
  </TestLists>
  <TestEntries>
    <TestEntry testId="ba2ffd89-61cc-5c98-1dd6-480d4881f74b" executionId="25798d26-bc24-46ed-9278-cb0ac6047148" testListId="8c84fa94-04c1-424b-9868-57a2d4851a1d" />
  </TestEntries>
  <Results>
    <UnitTestResult executionId="25798d26-bc24-46ed-9278-cb0ac6047148" testId="ba2ffd89-61cc-5c98-1dd6-480d4881f74b" testName="Square" computerName="WIN7" duration="00:00:00.0348728" startTime="2018-03-05T19:15:16.3160043+03:00" endTime="2018-03-05T19:15:16.5563499+03:00" testType="13cdc9d9-ddb5-4fa4-a97d-d965ccfc6d4b" outcome="Failed" testListId="8c84fa94-04c1-424b-9868-57a2d4851a1d" relativeResultsDirectory="25798d26-bc24-46ed-9278-cb0ac6047148">
      <Output>
        <ErrorInfo>
          <Message>Ошибка в Assert.AreEqual. Ожидается: &lt;40&gt;. Фактически: &lt;314,159265358979&gt;. </Message>
          <StackTrace>   в MindboxLibraryTest.CircleTests.Square() в C:\Users\dmitry\Documents\Visual Studio 2010\Projects\MindboxLibrary\MindboxLibraryTest\CircleTests.cs:строка 22
</StackTrace>
        </ErrorInfo>
      </Output>
    </UnitTestResult>
  </Results>
</TestRun>