<?xml version="1.0" encoding="UTF-8"?>
<TestRun id="fcaf07b7-adb0-47a2-ad1b-d7e1010bfd90" name="dmitry@WIN7 2018-03-05 20:01:20" runUser="win7\dmitry" xmlns="http://microsoft.com/schemas/VisualStudio/TeamTest/2010">
  <TestSettings name="Локальные" id="961389cf-5c0e-473b-bb70-b4d6c6879f37">
    <Description>Это - параметры по умолчанию для локального тестового запуска.</Description>
    <Deployment enabled="false" runDeploymentRoot="dmitry_WIN7 2018-03-05 20_01_20">
      <DeploymentItem filename="C:\Users\dmitry\Documents\Visual Studio 2010\Projects\MindboxLibrary\MindboxLibrary\bin\Debug\MindboxLibrary.dll" />
    </Deployment>
    <Execution>
      <TestTypeSpecific />
      <AgentRule name="Execution Agents">
      </AgentRule>
    </Execution>
  </TestSettings>
  <Times creation="2018-03-05T20:01:20.9718623+03:00" queuing="2018-03-05T20:01:21.0200159+03:00" start="2018-03-05T20:01:21.2033375+03:00" finish="2018-03-05T20:01:21.7240863+03:00" />
  <ResultSummary outcome="Completed">
    <Counters total="3" executed="3" passed="3" error="0" failed="0" timeout="0" aborted="0" inconclusive="0" passedButRunAborted="0" notRunnable="0" notExecuted="0" disconnected="0" warning="0" completed="0" inProgress="0" pending="0" />
  </ResultSummary>
  <TestDefinitions>
    <UnitTest name="RightTriangleSquare" storage="c:\users\dmitry\documents\visual studio 2010\projects\mindboxlibrary\mindboxlibrarytest\bin\debug\mindboxlibrarytest.dll" id="929cd42e-f23c-b9ce-89f6-e92e8630e4ea">
      <Execution id="5bd00137-c771-4b73-8004-d9483c6f1368" />
      <TestMethod codeBase="C:/Users/dmitry/Documents/Visual Studio 2010/Projects/MindboxLibrary/MindboxLibraryTest/bin/Debug/MindboxLibraryTest.DLL" adapterTypeName="Microsoft.VisualStudio.TestTools.TestTypes.Unit.UnitTestAdapter, Microsoft.VisualStudio.QualityTools.Tips.UnitTest.Adapter, Version=10.0.0.0, Culture=neutral, PublicKeyToken=b03f5f7f11d50a3a" className="MindboxLibraryTest.TriangleTests, MindboxLibraryTest, Version=1.0.0.0, Culture=neutral, PublicKeyToken=null" name="RightTriangleSquare" />
    </UnitTest>
    <UnitTest name="CircleSquare" storage="c:\users\dmitry\documents\visual studio 2010\projects\mindboxlibrary\mindboxlibrarytest\bin\debug\mindboxlibrarytest.dll" id="2fd04da8-c83b-75ee-14f2-bbcf2b1a491d">
      <Execution id="5893b6bf-a742-453d-a546-a9bc57700ef5" />
      <TestMethod codeBase="C:/Users/dmitry/Documents/Visual Studio 2010/Projects/MindboxLibrary/MindboxLibraryTest/bin/Debug/MindboxLibraryTest.DLL" adapterTypeName="Microsoft.VisualStudio.TestTools.TestTypes.Unit.UnitTestAdapter, Microsoft.VisualStudio.QualityTools.Tips.UnitTest.Adapter, Version=10.0.0.0, Culture=neutral, PublicKeyToken=b03f5f7f11d50a3a" className="MindboxLibraryTest.CircleTests, MindboxLibraryTest, Version=1.0.0.0, Culture=neutral, PublicKeyToken=null" name="CircleSquare" />
    </UnitTest>
    <UnitTest name="NonRightTriangleSquare" storage="c:\users\dmitry\documents\visual studio 2010\projects\mindboxlibrary\mindboxlibrarytest\bin\debug\mindboxlibrarytest.dll" id="e9284ef4-3b18-67a1-7c04-440c28d8948d">
      <Execution id="532c9d98-0b4d-4a85-9966-28acb220d686" />
      <TestMethod codeBase="C:/Users/dmitry/Documents/Visual Studio 2010/Projects/MindboxLibrary/MindboxLibraryTest/bin/Debug/MindboxLibraryTest.DLL" adapterTypeName="Microsoft.VisualStudio.TestTools.TestTypes.Unit.UnitTestAdapter, Microsoft.VisualStudio.QualityTools.Tips.UnitTest.Adapter, Version=10.0.0.0, Culture=neutral, PublicKeyToken=b03f5f7f11d50a3a" className="MindboxLibraryTest.TriangleTests, MindboxLibraryTest, Version=1.0.0.0, Culture=neutral, PublicKeyToken=null" name="NonRightTriangleSquare" />
    </UnitTest>
  </TestDefinitions>
  <TestLists>
    <TestList name="Отсутствующие в списке результаты" id="8c84fa94-04c1-424b-9868-57a2d4851a1d" />
    <TestList name="Все загруженные результаты" id="19431567-8539-422a-85d7-44ee4e166bda" />
  </TestLists>
  <TestEntries>
    <TestEntry testId="2fd04da8-c83b-75ee-14f2-bbcf2b1a491d" executionId="5893b6bf-a742-453d-a546-a9bc57700ef5" testListId="8c84fa94-04c1-424b-9868-57a2d4851a1d" />
    <TestEntry testId="929cd42e-f23c-b9ce-89f6-e92e8630e4ea" executionId="5bd00137-c771-4b73-8004-d9483c6f1368" testListId="8c84fa94-04c1-424b-9868-57a2d4851a1d" />
    <TestEntry testId="e9284ef4-3b18-67a1-7c04-440c28d8948d" executionId="532c9d98-0b4d-4a85-9966-28acb220d686" testListId="8c84fa94-04c1-424b-9868-57a2d4851a1d" />
  </TestEntries>
  <Results>
    <UnitTestResult executionId="5893b6bf-a742-453d-a546-a9bc57700ef5" testId="2fd04da8-c83b-75ee-14f2-bbcf2b1a491d" testName="CircleSquare" computerName="WIN7" duration="00:00:00.0191691" startTime="2018-03-05T20:01:21.2834527+03:00" endTime="2018-03-05T20:01:21.5237983+03:00" testType="13cdc9d9-ddb5-4fa4-a97d-d965ccfc6d4b" outcome="Passed" testListId="8c84fa94-04c1-424b-9868-57a2d4851a1d" relativeResultsDirectory="5893b6bf-a742-453d-a546-a9bc57700ef5">
    </UnitTestResult>
    <UnitTestResult executionId="5bd00137-c771-4b73-8004-d9483c6f1368" testId="929cd42e-f23c-b9ce-89f6-e92e8630e4ea" testName="RightTriangleSquare" computerName="WIN7" duration="00:00:00.0020075" startTime="2018-03-05T20:01:21.5538415+03:00" endTime="2018-03-05T20:01:21.5638559+03:00" testType="13cdc9d9-ddb5-4fa4-a97d-d965ccfc6d4b" outcome="Passed" testListId="8c84fa94-04c1-424b-9868-57a2d4851a1d" relativeResultsDirectory="5bd00137-c771-4b73-8004-d9483c6f1368">
    </UnitTestResult>
    <UnitTestResult executionId="532c9d98-0b4d-4a85-9966-28acb220d686" testId="e9284ef4-3b18-67a1-7c04-440c28d8948d" testName="NonRightTriangleSquare" computerName="WIN7" duration="00:00:00.0026034" startTime="2018-03-05T20:01:21.5938991+03:00" endTime="2018-03-05T20:01:21.6039135+03:00" testType="13cdc9d9-ddb5-4fa4-a97d-d965ccfc6d4b" outcome="Passed" testListId="8c84fa94-04c1-424b-9868-57a2d4851a1d" relativeResultsDirectory="532c9d98-0b4d-4a85-9966-28acb220d686">
    </UnitTestResult>
  </Results>
</TestRun>